// Jest Snapshot v1, https://goo.gl/fbAQLP

exports[`ViewArticle should match snapshot 1`] = `
<Fragment>
  <Connect(ReadArticle)
    selectedArticle="65719288-0395-445e-b587-2b98b70bdec9"
  />
  <div
    className=" articleReactions"
  >
    <Icons
      date="current-date"
      disabled={false}
      name={false}
      numberofcomments={23}
      rating={0}
      ratingIcon={false}
      selectedArticleId="65719288-0395-445e-b587-2b98b70bdec9"
    />
  </div>
  <Connect(FetchComment)
    articleId="65719288-0395-445e-b587-2b98b70bdec9"
  />
</Fragment>
`;
