// Jest Snapshot v1, https://goo.gl/fbAQLP

exports[`home container test should test for the featuredarticles component 1`] = `<componentloaderHOC />`;

exports[`home container test should test for the home component 1`] = `
<ContextConsumer>
  <Component />
</ContextConsumer>
`;

exports[`home container test should test for the popular articles component 1`] = `
<Fragment>
  <Grid
    columns={2}
    divided={true}
  >
    <GridRow>
      <Grid
        className="reveal"
        columns={2}
        container={true}
      />
    </GridRow>
  </Grid>
</Fragment>
`;
