// Jest Snapshot v1, https://goo.gl/fbAQLP

exports[`button test should test for the button component 1`] = `
<FeedEvent>
  <FeedLabel
    image="https://res.cloudinary.com/ah-krypton/image/upload/v1550010452/widget.png"
  />
  <FeedContent>
    <Link
      replace={false}
      to="/articles/sample-slug"
    >
      <FeedDate
        content="placeholder title"
      />
    </Link>
    <FeedSummary>
      this is a test description
    </FeedSummary>
    <Icons
      ratingIcon="rating-class"
    />
  </FeedContent>
</FeedEvent>
`;

exports[`button test should test for the button component 2`] = `
<Menu
  className="widgetContainer"
>
  <div
    className="Icons"
  >
    <ReactionIcons
      date="28th february 2019"
      numberofcomments={23}
      numberofdislikes={23}
      numberoflikes={23}
    />
  </div>
</Menu>
`;
