// Jest Snapshot v1, https://goo.gl/fbAQLP

exports[`CommentSection should match snapshot 1`] = `
<Container>
  <div
    className="commentsContainer"
  >
    <CommentGroup>
      <Header
        as="h3"
        className="commentsHeader"
      >
        Comments
      </Header>
      <Comment>
        <CommentAvatar
          as="a"
          src="test-file-stub"
        />
        <CommentContent>
          <CommentText>
            This will be great for business reports. I will definitely download this.
          </CommentText>
          <CommentActions>
            <CommentAction
              as="a"
            >
              <Image
                as="img"
                src="test-file-stub"
                ui={true}
              />
              12
            </CommentAction>
            <CommentAction
              as="a"
            >
              <Image
                as="img"
                src="test-file-stub"
                ui={true}
              />
              23
            </CommentAction>
            <CommentMetadata>
              <span>
                20 threads
              </span>
            </CommentMetadata>
            <CommentAction
              as="a"
              className="replyButton"
            >
              Reply
            </CommentAction>
            <CommentAction
              as="a"
              className="showThreads"
            >
              3 days ago
            </CommentAction>
          </CommentActions>
        </CommentContent>
      </Comment>
      <Divider
        className="commentDivider"
      />
      <Comment>
        <CommentAvatar
          as="a"
          src="test-file-stub"
        />
        <CommentContent>
          <CommentText>
            This will be great for business reports. I will definitely download this.
          </CommentText>
          <CommentActions>
            <CommentAction
              as="a"
            >
              <Image
                as="img"
                src="test-file-stub"
                ui={true}
              />
              12
            </CommentAction>
            <CommentAction
              as="a"
            >
              <Image
                as="img"
                src="test-file-stub"
                ui={true}
              />
              23
            </CommentAction>
            <CommentMetadata>
              <span>
                20 threads
              </span>
            </CommentMetadata>
            <CommentAction
              as="a"
              className="replyButton"
            >
              Reply
            </CommentAction>
            <CommentAction
              as="a"
              className="showThreads"
            >
              3 days ago
            </CommentAction>
          </CommentActions>
        </CommentContent>
      </Comment>
      <Divider
        className="commentDivider"
      />
      <Comment>
        <CommentAvatar
          as="a"
          src="test-file-stub"
        />
        <CommentContent>
          <CommentText>
            This will be great for business reports. I will definitely download this.
          </CommentText>
          <CommentActions>
            <CommentAction
              as="a"
            >
              <Image
                as="img"
                src="test-file-stub"
                ui={true}
              />
              12
            </CommentAction>
            <CommentAction
              as="a"
            >
              <Image
                as="img"
                src="test-file-stub"
                ui={true}
              />
              23
            </CommentAction>
            <CommentMetadata>
              <span>
                20 threads
              </span>
            </CommentMetadata>
            <CommentAction
              as="a"
              className="replyButton"
            >
              Reply
            </CommentAction>
            <CommentAction
              as="a"
              className="showThreads"
            >
              3 days ago
            </CommentAction>
          </CommentActions>
        </CommentContent>
      </Comment>
      <Divider
        className="commentDivider"
      />
    </CommentGroup>
    <p
      className="moreComments"
    >
      More Comments
    </p>
  </div>
</Container>
`;
