// Jest Snapshot v1, https://goo.gl/fbAQLP

exports[`Modal Social it should matches the snapshot 1`] = `
<div
  className="socialIconsHolder"
>
  <a
    href="https://krypton-ah-stage.herokuapp.com/api/v1/auth/facebook"
    key="1"
  >
    <div
      className="groupIcon"
    >
      <Icon
        as="i"
        className="socialIcon"
        name="facebook official"
        size="big"
      />
      <span>
        Facebook
      </span>
    </div>
  </a>
  <a
    href="https://krypton-ah-stage.herokuapp.com/api/v1/auth/google"
    key="2"
  >
    <div
      className="groupIcon"
    >
      <Icon
        as="i"
        className="socialIcon"
        name="google plus square"
        size="big"
      />
      <span>
        Google
      </span>
    </div>
  </a>
  <a
    href="https://krypton-ah-stage.herokuapp.com/api/v1/auth/linkedin"
    key="3"
  >
    <div
      className="groupIcon"
    >
      <Icon
        as="i"
        className="socialIcon"
        name="linkedin"
        size="big"
      />
      <span>
        Linkedin
      </span>
    </div>
  </a>
  <a
    href="https://krypton-ah-stage.herokuapp.com/api/v1/auth/"
    key="4"
  >
    <div
      className="groupIcon"
    >
      <Icon
        as="i"
        className="socialIcon"
        name="twitter square"
        size="big"
      />
      <span>
        Twitter
      </span>
    </div>
  </a>
</div>
`;
