// Jest Snapshot v1, https://goo.gl/fbAQLP

exports[`button test should test for the categories component 1`] = `
<GridColumn
  className="Categories"
>
  <List
    divided={true}
    relaxed={true}
  >
    <Tags
      tags={Array []}
      type={null}
    />
    <ListItem>
      <Label
        as="a"
      >
        more
      </Label>
    </ListItem>
  </List>
</GridColumn>
`;

exports[`button test should test for the newsletter component 1`] = `
<GridColumn
  className="NewsLetter"
>
  <sectionHeader
    text="NewsLetter"
  />
  <Input
    placeholder="Search..."
    type="text"
  />
  <Button
    as="button"
    basic={true}
    color="black"
  >
    Submit
  </Button>
</GridColumn>
`;

exports[`button test should test for the sidewidget component 1`] = `
<ContextConsumer>
  <Component />
</ContextConsumer>
`;
