// Jest Snapshot v1, https://goo.gl/fbAQLP

exports[`button test should test for the button component 1`] = `
<div
  className="category"
>
  <ListItem
    key="Politics"
  >
    <ListContent
      key="Politics"
    >
      <ListHeader
        as="a"
        key="Politics"
      >
        #Politics
      </ListHeader>
    </ListContent>
  </ListItem>
  <ListItem
    key="Family"
  >
    <ListContent
      key="Family"
    >
      <ListHeader
        as="a"
        key="Family"
      >
        #Family
      </ListHeader>
    </ListContent>
  </ListItem>
  <ListItem
    key="Techonology"
  >
    <ListContent
      key="Techonology"
    >
      <ListHeader
        as="a"
        key="Techonology"
      >
        #Techonology
      </ListHeader>
    </ListContent>
  </ListItem>
  <ListItem
    key="Health"
  >
    <ListContent
      key="Health"
    >
      <ListHeader
        as="a"
        key="Health"
      >
        #Health
      </ListHeader>
    </ListContent>
  </ListItem>
  <ListItem
    key="Sports"
  >
    <ListContent
      key="Sports"
    >
      <ListHeader
        as="a"
        key="Sports"
      >
        #Sports
      </ListHeader>
    </ListContent>
  </ListItem>
  <ListItem
    key="Wellbeing"
  >
    <ListContent
      key="Wellbeing"
    >
      <ListHeader
        as="a"
        key="Wellbeing"
      >
        #Wellbeing
      </ListHeader>
    </ListContent>
  </ListItem>
</div>
`;
