// Jest Snapshot v1, https://goo.gl/fbAQLP

exports[`button test should test for the button component 1`] = `<componentloader />`;

exports[`button test should test for the button component 2`] = `<componentloader />`;

exports[`button test should test for the button component 3`] = `<componentloader />`;
