// Jest Snapshot v1, https://goo.gl/fbAQLP

exports[`button test should test for the button component 1`] = `
<div
  className="category"
>
  <ListItem
    key="[object Object]"
  >
    <ListContent
      key="[object Object]"
    >
      <ListHeader
        as="a"
        key="[object Object]"
      >
        #[object Object]
      </ListHeader>
    </ListContent>
  </ListItem>
  <ListItem
    key="[object Object]"
  >
    <ListContent
      key="[object Object]"
    >
      <ListHeader
        as="a"
        key="[object Object]"
      >
        #[object Object]
      </ListHeader>
    </ListContent>
  </ListItem>
  <ListItem
    key="[object Object]"
  >
    <ListContent
      key="[object Object]"
    >
      <ListHeader
        as="a"
        key="[object Object]"
      >
        #[object Object]
      </ListHeader>
    </ListContent>
  </ListItem>
</div>
`;
