// Jest Snapshot v1, https://goo.gl/fbAQLP

exports[`button test should test for the Icons component 1`] = `
<div
  className="reactionIcons"
>
  <Icon
    as="i"
    disabled={true}
    fitted={true}
    link={true}
    name="time"
    size="small"
  >
    28th february 2019
  </Icon>
  <Icon
    as="i"
    disabled={true}
    fitted={true}
    link={true}
    name="thumbs up outline"
    size="small"
  >
    <span>
      23
    </span>
  </Icon>
  <Icon
    as="i"
    disabled={true}
    fitted={true}
    link={true}
    name="thumbs down outline"
    size="small"
  >
    <span>
      23
    </span>
  </Icon>
  <Icon
    as="i"
    disabled={true}
    fitted={true}
    link={true}
    name="comments outline"
    size="small"
  >
    <span>
      23
    </span>
  </Icon>
</div>
`;

exports[`button test should test for the advert component 1`] = `
<GridColumn
  className="Advert"
>
  <Image
    as="img"
    className="AdvertImg"
    src="https://res.cloudinary.com/ah-krypton/image/upload/v1548328425/mm17kbfqf7sjrw2w45rq.png"
    ui={true}
  />
</GridColumn>
`;

exports[`button test should test for the button component 1`] = `
<Card
  className="widgetIcons"
>
  <CardContent
    className={true}
  >
    <Feed />
  </CardContent>
</Card>
`;
