// Jest Snapshot v1, https://goo.gl/fbAQLP

exports[`Test for reaction Icons should have initial state of false and change when clicked  1`] = `
<Fragment>
  <Icon
    as="i"
    disabled={true}
    fitted={true}
    link={true}
    name="time"
    size="small"
  >
    <span>
      Invalid Date
    </span>
  </Icon>
  <i
    onClick={[Function]}
    role="presentation"
  >
    <Icon
      as="i"
      disabled={true}
      fitted={true}
      link={true}
      name="thumbs up thumbs up outline"
      size="small"
    />
  </i>
  <span>
    2
  </span>
  <i
    onClick={[Function]}
    role="presentation"
  >
    <Icon
      as="i"
      disabled={true}
      fitted={true}
      link={true}
      name="thumbs down thumbs down outline"
      size="small"
    />
  </i>
  <span>
    1
  </span>
  <i
    className="articleComment"
  >
    <Icon
      as="i"
      disabled={true}
      fitted={true}
      link={true}
      name="comments outline"
      size="small"
    />
  </i>
  <span
    className="commentspan"
  >
    0
  </span>
</Fragment>
`;

exports[`Test for reaction Icons should have initial state of false and change when clicked  2`] = `
<Fragment>
  <Icon
    as="i"
    disabled={true}
    fitted={true}
    link={true}
    name="time"
    size="small"
  >
    <span>
      Invalid Date
    </span>
  </Icon>
  <i
    onClick={[Function]}
    role="presentation"
  >
    <Icon
      as="i"
      disabled={true}
      fitted={true}
      link={true}
      name="thumbs up thumbs up outline"
      size="small"
    />
  </i>
  <span>
    2
  </span>
  <i
    onClick={[Function]}
    role="presentation"
  >
    <Icon
      as="i"
      disabled={true}
      fitted={true}
      link={true}
      name="thumbs down thumbs down outline"
      size="small"
    />
  </i>
  <span>
    1
  </span>
  <i
    className="articleComment"
  >
    <Icon
      as="i"
      disabled={true}
      fitted={true}
      link={true}
      name="comments outline"
      size="small"
    />
  </i>
  <span
    className="commentspan"
  >
    0
  </span>
</Fragment>
`;
