// Jest Snapshot v1, https://goo.gl/fbAQLP

exports[`Test for reaction Icons should have initial state of false and change when clicked  1`] = `
<Fragment>
  <i
    className="dates"
  >
    28th february 2019
  </i>
  <i
    role="presentation"
  >
    <Icon
      as="i"
      disabled={true}
      fitted={true}
      link={true}
      name="thumbs up thumbs up outline"
      size="small"
    />
  </i>
  2
  <i
    role="presentation"
  >
    <Icon
      as="i"
      disabled={true}
      fitted={true}
      link={true}
      name="thumbs down thumbs down outline"
      size="small"
    />
  </i>
  1
  <i
    className="articleComment"
  >
    <Icon
      as="i"
      disabled={true}
      fitted={true}
      link={true}
      name="comments outline"
      size="small"
    />
    23
  </i>
</Fragment>
`;

exports[`Test for reaction Icons should have initial state of false and change when clicked  2`] = `
<Fragment>
  <i
    className="dates"
  >
    28th february 2019
  </i>
  <i
    role="presentation"
  >
    <Icon
      as="i"
      disabled={true}
      fitted={true}
      link={true}
      name="thumbs up thumbs up outline"
      size="small"
    />
  </i>
  2
  <i
    role="presentation"
  >
    <Icon
      as="i"
      disabled={true}
      fitted={true}
      link={true}
      name="thumbs down thumbs down outline"
      size="small"
    />
  </i>
  1
  <i
    className="articleComment"
  >
    <Icon
      as="i"
      disabled={true}
      fitted={true}
      link={true}
      name="comments outline"
      size="small"
    />
    23
  </i>
</Fragment>
`;
