// Jest Snapshot v1, https://goo.gl/fbAQLP

exports[`Read article component should matches the snapshot 1`] = `
<ReadArticle
  articleAuthor={Object {}}
  content=""
  createdAt=""
  featuredImageUrl=""
  getArticle={[Function]}
  readTime={0}
  retrievedArticle={
    Object {
      "response": Object {
        "articleAuthor": Object {
          "firstname": "Michael",
          "lastname": "James",
          "userprofile": null,
        },
        "content": "this is a good content wooooooooooooooooooot tooooooooooooooooooooooooot",
        "createdAt": "2019-02-20T16:53:37.716Z",
        "featuredImageUrl": "https://res.cloudinary.com/ah-krypton/image/upload/v1550010452/widget.png",
        "readTime": 1,
        "title": "this is a valid articles 2",
      },
    }
  }
  selectedArticle="65719288-0395-445e-b587-2b98b70bdec9"
  title=""
>
  <Container
    className="readArticleContainer"
  >
    <div
      className="ui container readArticleContainer"
    >
      <Image
        as="img"
        size="massive"
        src="https://res.cloudinary.com/ah-krypton/image/upload/v1550010452/widget.png"
        ui={true}
      >
        <img
          className="ui massive image"
          src="https://res.cloudinary.com/ah-krypton/image/upload/v1550010452/widget.png"
        />
      </Image>
      <Header
        as="h1"
        className="articleTitle"
      >
        <h1
          className="ui header articleTitle"
        >
          this is a valid articles 2
        </h1>
      </Header>
      <CommentGroup
        className="articleInfo"
      >
        <div
          className="ui comments articleInfo"
        >
          <Image
            as="a"
            avatar={true}
            src="test-file-stub"
            ui={true}
          >
            <a
              className="ui avatar image"
            >
              <img
                src="test-file-stub"
              />
            </a>
          </Image>
          <Comment
            className="infoContainer"
          >
            <div
              className="comment infoContainer"
            >
              <CommentContent>
                <div
                  className="content"
                >
                  <CommentAuthor
                    className="articleAuthor"
                  >
                    <div
                      className="author articleAuthor"
                    >
                      Michael James
                    </div>
                  </CommentAuthor>
                  <CommentText
                    className="articleDate"
                  >
                    <div
                      className="articleDate text"
                    >
                      <Image
                        as="img"
                        src="test-file-stub"
                        ui={true}
                      >
                        <img
                          className="ui image"
                          src="test-file-stub"
                        />
                      </Image>
                      <span>
                        Wed Feb 20 2019 
                      </span>
                    </div>
                  </CommentText>
                  <CommentText
                    className="articleReadTime"
                  >
                    <div
                      className="articleReadTime text"
                    >
                      <Image
                        as="img"
                        src="test-file-stub"
                        ui={true}
                      >
                        <img
                          className="ui image"
                          src="test-file-stub"
                        />
                      </Image>
                      <span>
                        1 Mins read
                      </span>
                    </div>
                  </CommentText>
                </div>
              </CommentContent>
            </div>
          </Comment>
        </div>
      </CommentGroup>
      <Divider
        className="articleDivider"
      >
        <div
          className="ui divider articleDivider"
        />
      </Divider>
      <Container
        textAlign="justified"
      >
        <div
          className="ui justified container"
        >
          <div
            className="icon-bar"
          >
            <a
              className="facebook"
              href="#"
            >
              <Image
                as="img"
                src="test-file-stub"
                ui={true}
              >
                <img
                  className="ui image"
                  src="test-file-stub"
                />
              </Image>
            </a>
            <a
              className="twitter"
              href="#"
            >
              <Image
                as="img"
                src="test-file-stub"
                ui={true}
              >
                <img
                  className="ui image"
                  src="test-file-stub"
                />
              </Image>
            </a>
            <a
              className="google"
              href="#"
            >
              <Image
                as="img"
                src="test-file-stub"
                ui={true}
              >
                <img
                  className="ui image"
                  src="test-file-stub"
                />
              </Image>
            </a>
            <a
              className="linkedin"
              href="#"
            >
              <Image
                as="img"
                src="test-file-stub"
                ui={true}
              >
                <img
                  className="ui image"
                  src="test-file-stub"
                />
              </Image>
            </a>
          </div>
          <div
            className="articleContent"
          >
            <p>
              this is a good content wooooooooooooooooooot tooooooooooooooooooooooooot
            </p>
            <p>
              this is a good content wooooooooooooooooooot tooooooooooooooooooooooooot
            </p>
          </div>
        </div>
      </Container>
      <Divider
        className="articleDivider"
      >
        <div
          className="ui divider articleDivider"
        />
      </Divider>
    </div>
  </Container>
</ReadArticle>
`;
