// Jest Snapshot v1, https://goo.gl/fbAQLP

exports[`Share Article Component should rendered share Article Icons without crashing 1`] = `
<div
  className="shareArticleIcons"
>
  <CreatedButton
    url="undefined/undefined"
    windowHeight={400}
    windowWidth={550}
  >
    <Icon
      className=""
      iconBgStyle={Object {}}
      logoFillColor="white"
      round={true}
      size={25}
    />
  </CreatedButton>
  <CreatedButton
    url="undefined/undefined"
    windowHeight={400}
    windowWidth={550}
  >
    <Icon
      className=""
      iconBgStyle={Object {}}
      logoFillColor="white"
      round={true}
      size={25}
    />
  </CreatedButton>
  <CreatedButton
    hashtags={
      Array [
        "ah-Krypton",
      ]
    }
    url="undefined/undefined"
    via="Andela"
    windowHeight={400}
    windowWidth={550}
  >
    <Icon
      className=""
      iconBgStyle={Object {}}
      logoFillColor="white"
      round={true}
      size={25}
    />
  </CreatedButton>
  <CreatedButton
    url="undefined/undefined"
    windowHeight={600}
    windowWidth={750}
  >
    <Icon
      className=""
      iconBgStyle={Object {}}
      logoFillColor="white"
      round={true}
      size={25}
    />
  </CreatedButton>
  <CreatedButton
    separator=" "
    url="undefined/undefined"
    windowHeight={400}
    windowWidth={550}
  >
    <Icon
      className=""
      iconBgStyle={Object {}}
      logoFillColor="white"
      round={true}
      size={25}
    />
  </CreatedButton>
  <CreatedButton
    body=" "
    onClick={[Function]}
    openWindow={false}
    url="undefined/undefined"
  >
    <Icon
      className=""
      iconBgStyle={Object {}}
      logoFillColor="white"
      round={true}
      size={25}
    />
  </CreatedButton>
</div>
`;
