// Jest Snapshot v1, https://goo.gl/fbAQLP

exports[`Profile should match snapshot 1`] = `
<Grid
  className="userProfilePage"
>
  <GridRow
    centered={true}
    className="userProfile"
  >
    <Grid>
      <GridRow
        centered={true}
      >
        <Image
          as="img"
          circular={true}
          src="test-file-stub"
          ui={true}
        />
      </GridRow>
      <GridRow
        centered={true}
      >
        <div>
          <div
            className="userName"
          >
            Afolayan Isaiah
          </div>
          <div
            className="userDescription"
          >
            Software developer at Andela
          </div>
        </div>
      </GridRow>
    </Grid>
  </GridRow>
  <ProfileNavBar
    user="unauthenticated"
  />
  <GridRow
    centered={true}
  >
    <Grid
      centered={true}
      columns={2}
    >
      <BrowserRouter>
        <Switch>
          <Route
            path="/profile"
            render={[Function]}
          />
        </Switch>
      </BrowserRouter>
    </Grid>
  </GridRow>
  <GridRow />
</Grid>
`;
