// Jest Snapshot v1, https://goo.gl/fbAQLP

exports[`SignupFormModal Component it should matches the snapshot 1`] = `
<div>
  <button
    className="ui button ui button black"
    onBlur={[Function]}
    onClick={[Function]}
    onFocus={[Function]}
    onMouseEnter={[Function]}
    onMouseLeave={[Function]}
  >
    Write An Article
  </button>
</div>
`;
